---
source: iml-services/iml-device/src/virtual_device.rs
expression: c
---
{
  "ScsiDevice": {
    "serial": "360014051316414dcda24cdaa2771edc8",
    "scsi80": "SLIO-ORG ost6            1316414d-cda2-4cda-a277-1edc8e602aca",
    "major": "65",
    "minor": "240",
    "devpath": "/devices/platform/host5/session4/target5:0:0/5:0:0:5/block/sdaf",
    "size": 5368709120,
    "filesystem_type": "mpath_member",
    "fs_uuid": "1448054628452438558",
    "fs_label": "ost15",
    "paths": [
      "/dev/disk/by-id/scsi-360014051316414dcda24cdaa2771edc8",
      "/dev/disk/by-id/wwn-0x60014051316414dcda24cdaa2771edc8",
      "/dev/disk/by-path/fc---lun-5",
      "/dev/disk/by-path/ip-10.73.50.10:3260-iscsi-iqn.2015-01.com.whamcloud.lu:oss-lun-5",
      "/dev/disk/by-label/ost15",
      "/dev/disk/by-uuid/1448054628452438558",
      "/dev/sdaf"
    ],
    "mount": null,
    "children": [
      {
        "Mpath": {
          "devpath": "/devices/virtual/block/dm-15",
          "serial": "360014051316414dcda24cdaa2771edc8",
          "scsi80": "SLIO-ORG ost6            1316414d-cda2-4cda-a277-1edc8e602aca",
          "dm_name": "mpathp",
          "size": 5368709120,
          "major": "253",
          "minor": "15",
          "filesystem_type": "zfs_member",
          "fs_uuid": "1448054628452438558",
          "fs_label": "ost15",
          "paths": [
            "/dev/mapper/mpathp",
            "/dev/disk/by-id/dm-name-mpathp",
            "/dev/disk/by-id/dm-uuid-mpath-360014051316414dcda24cdaa2771edc8",
            "/dev/disk/by-label/ost15",
            "/dev/disk/by-uuid/1448054628452438558",
            "/dev/dm-15"
          ],
          "children": [
            {
              "Zpool": {
                "guid": 1448054628452438558,
                "name": "ost15",
                "health": "ONLINE",
                "state": "ACTIVE",
                "size": 5335154688,
                "vdev": {
                  "Root": {
                    "children": [
                      {
                        "Disk": {
                          "guid": 11098692753298673040,
                          "state": "ONLINE",
                          "path": "/dev/mapper/mpathp",
                          "dev_id": "dm-uuid-mpath-360014051316414dcda24cdaa2771edc8",
                          "phys_path": null,
                          "whole_disk": false,
                          "is_log": false
                        }
                      }
                    ],
                    "spares": [],
                    "cache": []
                  }
                },
                "props": [],
                "children": [
                  {
                    "Dataset": {
                      "guid": 13665881364845337554,
                      "name": "ost15/ost15",
                      "kind": "filesystem",
                      "props": [
                        {
                          "name": "name",
                          "value": "ost15/ost15"
                        },
                        {
                          "name": "type",
                          "value": "filesystem"
                        },
                        {
                          "name": "creation",
                          "value": "1587638744"
                        },
                        {
                          "name": "used",
                          "value": "3634688"
                        },
                        {
                          "name": "available",
                          "value": "5164678144"
                        },
                        {
                          "name": "referenced",
                          "value": "3634688"
                        },
                        {
                          "name": "compressratio",
                          "value": "1.00x"
                        },
                        {
                          "name": "mounted",
                          "value": "no"
                        },
                        {
                          "name": "quota",
                          "value": "0"
                        },
                        {
                          "name": "reservation",
                          "value": "0"
                        },
                        {
                          "name": "recordsize",
                          "value": "1048576"
                        },
                        {
                          "name": "mountpoint",
                          "value": "/ost15/ost15"
                        },
                        {
                          "name": "sharenfs",
                          "value": "off"
                        },
                        {
                          "name": "checksum",
                          "value": "on"
                        },
                        {
                          "name": "compression",
                          "value": "off"
                        },
                        {
                          "name": "atime",
                          "value": "on"
                        },
                        {
                          "name": "devices",
                          "value": "on"
                        },
                        {
                          "name": "exec",
                          "value": "on"
                        },
                        {
                          "name": "setuid",
                          "value": "on"
                        },
                        {
                          "name": "readonly",
                          "value": "off"
                        },
                        {
                          "name": "zoned",
                          "value": "off"
                        },
                        {
                          "name": "snapdir",
                          "value": "hidden"
                        },
                        {
                          "name": "aclinherit",
                          "value": "restricted"
                        },
                        {
                          "name": "createtxg",
                          "value": "11"
                        },
                        {
                          "name": "canmount",
                          "value": "off"
                        },
                        {
                          "name": "xattr",
                          "value": "sa"
                        },
                        {
                          "name": "copies",
                          "value": "1"
                        },
                        {
                          "name": "version",
                          "value": "5"
                        },
                        {
                          "name": "utf8only",
                          "value": "off"
                        },
                        {
                          "name": "normalization",
                          "value": "none"
                        },
                        {
                          "name": "casesensitivity",
                          "value": "sensitive"
                        },
                        {
                          "name": "vscan",
                          "value": "off"
                        },
                        {
                          "name": "nbmand",
                          "value": "off"
                        },
                        {
                          "name": "sharesmb",
                          "value": "off"
                        },
                        {
                          "name": "refquota",
                          "value": "0"
                        },
                        {
                          "name": "refreservation",
                          "value": "0"
                        },
                        {
                          "name": "guid",
                          "value": "13665881364845337554"
                        },
                        {
                          "name": "primarycache",
                          "value": "all"
                        },
                        {
                          "name": "secondarycache",
                          "value": "all"
                        },
                        {
                          "name": "usedbysnapshots",
                          "value": "0"
                        },
                        {
                          "name": "usedbydataset",
                          "value": "3634688"
                        },
                        {
                          "name": "usedbychildren",
                          "value": "0"
                        },
                        {
                          "name": "usedbyrefreservation",
                          "value": "0"
                        },
                        {
                          "name": "logbias",
                          "value": "latency"
                        },
                        {
                          "name": "dedup",
                          "value": "off"
                        },
                        {
                          "name": "mlslabel",
                          "value": "none"
                        },
                        {
                          "name": "sync",
                          "value": "standard"
                        },
                        {
                          "name": "dnodesize",
                          "value": "auto"
                        },
                        {
                          "name": "refcompressratio",
                          "value": "1.00x"
                        },
                        {
                          "name": "written",
                          "value": "3634688"
                        },
                        {
                          "name": "logicalused",
                          "value": "1842176"
                        },
                        {
                          "name": "logicalreferenced",
                          "value": "1842176"
                        },
                        {
                          "name": "volmode",
                          "value": "default"
                        },
                        {
                          "name": "filesystem_limit",
                          "value": "18446744073709551615"
                        },
                        {
                          "name": "snapshot_limit",
                          "value": "18446744073709551615"
                        },
                        {
                          "name": "filesystem_count",
                          "value": "18446744073709551615"
                        },
                        {
                          "name": "snapshot_count",
                          "value": "18446744073709551615"
                        },
                        {
                          "name": "snapdev",
                          "value": "hidden"
                        },
                        {
                          "name": "acltype",
                          "value": "off"
                        },
                        {
                          "name": "context",
                          "value": "none"
                        },
                        {
                          "name": "fscontext",
                          "value": "none"
                        },
                        {
                          "name": "defcontext",
                          "value": "none"
                        },
                        {
                          "name": "rootcontext",
                          "value": "none"
                        },
                        {
                          "name": "relatime",
                          "value": "off"
                        },
                        {
                          "name": "redundant_metadata",
                          "value": "all"
                        },
                        {
                          "name": "overlay",
                          "value": "off"
                        },
                        {
                          "name": "lustre:index",
                          "value": "15"
                        },
                        {
                          "name": "lustre:svname",
                          "value": "zfsmo-OST000f"
                        },
                        {
                          "name": "lustre:failover.node",
                          "value": "10.73.20.21@tcp"
                        },
                        {
                          "name": "lustre:version",
                          "value": "1"
                        },
                        {
                          "name": "lustre:mgsnode",
                          "value": "10.73.20.11@tcp:10.73.20.12@tcp"
                        },
                        {
                          "name": "lustre:flags",
                          "value": "34"
                        },
                        {
                          "name": "lustre:fsname",
                          "value": "zfsmo"
                        }
                      ],
                      "mount": null
                    }
                  }
                ],
                "mount": {
                  "source": "ost15",
                  "target": "/ost15",
                  "fs_type": "zfs",
                  "opts": "rw,xattr,noacl"
                }
              }
            }
          ],
          "mount": null
        }
      }
    ]
  }
}
