---
source: iml-services/iml-device/src/virtual_device.rs
expression: c
---
{
  "ScsiDevice": {
    "serial": "36001405d6b15cf577c547088a875a7c9",
    "scsi80": "SLIO-ORG ost7            d6b15cf5-77c5-4708-8a87-5a7c98731e9a",
    "major": "65",
    "minor": "208",
    "devpath": "/devices/platform/host5/session4/target5:0:0/5:0:0:6/block/sdad",
    "size": 5368709120,
    "filesystem_type": "mpath_member",
    "fs_uuid": "4865484073709909850",
    "fs_label": "ost16",
    "paths": [
      "/dev/disk/by-id/scsi-36001405d6b15cf577c547088a875a7c9",
      "/dev/disk/by-id/wwn-0x6001405d6b15cf577c547088a875a7c9",
      "/dev/disk/by-path/fc---lun-6",
      "/dev/disk/by-path/ip-10.73.50.10:3260-iscsi-iqn.2015-01.com.whamcloud.lu:oss-lun-6",
      "/dev/disk/by-label/ost16",
      "/dev/disk/by-uuid/4865484073709909850",
      "/dev/sdad"
    ],
    "mount": null,
    "children": [
      {
        "Mpath": {
          "devpath": "/devices/virtual/block/dm-14",
          "serial": "36001405d6b15cf577c547088a875a7c9",
          "scsi80": "SLIO-ORG ost7            d6b15cf5-77c5-4708-8a87-5a7c98731e9a",
          "dm_name": "mpathq",
          "size": 5368709120,
          "major": "253",
          "minor": "14",
          "filesystem_type": "zfs_member",
          "fs_uuid": "4865484073709909850",
          "fs_label": "ost16",
          "paths": [
            "/dev/mapper/mpathq",
            "/dev/disk/by-id/dm-name-mpathq",
            "/dev/disk/by-id/dm-uuid-mpath-36001405d6b15cf577c547088a875a7c9",
            "/dev/disk/by-label/ost16",
            "/dev/disk/by-uuid/4865484073709909850",
            "/dev/dm-14"
          ],
          "children": [
            {
              "Zpool": {
                "guid": 4865484073709909850,
                "name": "ost16",
                "health": "ONLINE",
                "state": "ACTIVE",
                "size": 5335154688,
                "vdev": {
                  "Root": {
                    "children": [
                      {
                        "Disk": {
                          "guid": 11600088640185299355,
                          "state": "ONLINE",
                          "path": "/dev/mapper/mpathq",
                          "dev_id": "dm-uuid-mpath-36001405d6b15cf577c547088a875a7c9",
                          "phys_path": null,
                          "whole_disk": false,
                          "is_log": false
                        }
                      }
                    ],
                    "spares": [],
                    "cache": []
                  }
                },
                "props": [],
                "children": [
                  {
                    "Dataset": {
                      "guid": 10385118448052401738,
                      "name": "ost16/ost16",
                      "kind": "filesystem",
                      "props": [
                        {
                          "name": "name",
                          "value": "ost16/ost16"
                        },
                        {
                          "name": "type",
                          "value": "filesystem"
                        },
                        {
                          "name": "creation",
                          "value": "1587638746"
                        },
                        {
                          "name": "used",
                          "value": "3632640"
                        },
                        {
                          "name": "available",
                          "value": "5164680192"
                        },
                        {
                          "name": "referenced",
                          "value": "3632640"
                        },
                        {
                          "name": "compressratio",
                          "value": "1.00x"
                        },
                        {
                          "name": "mounted",
                          "value": "no"
                        },
                        {
                          "name": "quota",
                          "value": "0"
                        },
                        {
                          "name": "reservation",
                          "value": "0"
                        },
                        {
                          "name": "recordsize",
                          "value": "1048576"
                        },
                        {
                          "name": "mountpoint",
                          "value": "/ost16/ost16"
                        },
                        {
                          "name": "sharenfs",
                          "value": "off"
                        },
                        {
                          "name": "checksum",
                          "value": "on"
                        },
                        {
                          "name": "compression",
                          "value": "off"
                        },
                        {
                          "name": "atime",
                          "value": "on"
                        },
                        {
                          "name": "devices",
                          "value": "on"
                        },
                        {
                          "name": "exec",
                          "value": "on"
                        },
                        {
                          "name": "setuid",
                          "value": "on"
                        },
                        {
                          "name": "readonly",
                          "value": "off"
                        },
                        {
                          "name": "zoned",
                          "value": "off"
                        },
                        {
                          "name": "snapdir",
                          "value": "hidden"
                        },
                        {
                          "name": "aclinherit",
                          "value": "restricted"
                        },
                        {
                          "name": "createtxg",
                          "value": "12"
                        },
                        {
                          "name": "canmount",
                          "value": "off"
                        },
                        {
                          "name": "xattr",
                          "value": "sa"
                        },
                        {
                          "name": "copies",
                          "value": "1"
                        },
                        {
                          "name": "version",
                          "value": "5"
                        },
                        {
                          "name": "utf8only",
                          "value": "off"
                        },
                        {
                          "name": "normalization",
                          "value": "none"
                        },
                        {
                          "name": "casesensitivity",
                          "value": "sensitive"
                        },
                        {
                          "name": "vscan",
                          "value": "off"
                        },
                        {
                          "name": "nbmand",
                          "value": "off"
                        },
                        {
                          "name": "sharesmb",
                          "value": "off"
                        },
                        {
                          "name": "refquota",
                          "value": "0"
                        },
                        {
                          "name": "refreservation",
                          "value": "0"
                        },
                        {
                          "name": "guid",
                          "value": "10385118448052401738"
                        },
                        {
                          "name": "primarycache",
                          "value": "all"
                        },
                        {
                          "name": "secondarycache",
                          "value": "all"
                        },
                        {
                          "name": "usedbysnapshots",
                          "value": "0"
                        },
                        {
                          "name": "usedbydataset",
                          "value": "3632640"
                        },
                        {
                          "name": "usedbychildren",
                          "value": "0"
                        },
                        {
                          "name": "usedbyrefreservation",
                          "value": "0"
                        },
                        {
                          "name": "logbias",
                          "value": "latency"
                        },
                        {
                          "name": "dedup",
                          "value": "off"
                        },
                        {
                          "name": "mlslabel",
                          "value": "none"
                        },
                        {
                          "name": "sync",
                          "value": "standard"
                        },
                        {
                          "name": "dnodesize",
                          "value": "auto"
                        },
                        {
                          "name": "refcompressratio",
                          "value": "1.00x"
                        },
                        {
                          "name": "written",
                          "value": "3632640"
                        },
                        {
                          "name": "logicalused",
                          "value": "1841664"
                        },
                        {
                          "name": "logicalreferenced",
                          "value": "1841664"
                        },
                        {
                          "name": "volmode",
                          "value": "default"
                        },
                        {
                          "name": "filesystem_limit",
                          "value": "18446744073709551615"
                        },
                        {
                          "name": "snapshot_limit",
                          "value": "18446744073709551615"
                        },
                        {
                          "name": "filesystem_count",
                          "value": "18446744073709551615"
                        },
                        {
                          "name": "snapshot_count",
                          "value": "18446744073709551615"
                        },
                        {
                          "name": "snapdev",
                          "value": "hidden"
                        },
                        {
                          "name": "acltype",
                          "value": "off"
                        },
                        {
                          "name": "context",
                          "value": "none"
                        },
                        {
                          "name": "fscontext",
                          "value": "none"
                        },
                        {
                          "name": "defcontext",
                          "value": "none"
                        },
                        {
                          "name": "rootcontext",
                          "value": "none"
                        },
                        {
                          "name": "relatime",
                          "value": "off"
                        },
                        {
                          "name": "redundant_metadata",
                          "value": "all"
                        },
                        {
                          "name": "overlay",
                          "value": "off"
                        },
                        {
                          "name": "lustre:flags",
                          "value": "34"
                        },
                        {
                          "name": "lustre:svname",
                          "value": "zfsmo-OST0010"
                        },
                        {
                          "name": "lustre:mgsnode",
                          "value": "10.73.20.11@tcp:10.73.20.12@tcp"
                        },
                        {
                          "name": "lustre:failover.node",
                          "value": "10.73.20.21@tcp"
                        },
                        {
                          "name": "lustre:fsname",
                          "value": "zfsmo"
                        },
                        {
                          "name": "lustre:index",
                          "value": "16"
                        },
                        {
                          "name": "lustre:version",
                          "value": "1"
                        }
                      ],
                      "mount": null
                    }
                  }
                ],
                "mount": {
                  "source": "ost16",
                  "target": "/ost16",
                  "fs_type": "zfs",
                  "opts": "rw,xattr,noacl"
                }
              }
            }
          ],
          "mount": null
        }
      }
    ]
  }
}
