---
source: iml-services/iml-device/src/virtual_device.rs
expression: c_serde
---
{
  "ScsiDevice": {
    "children": [
      {
        "Mpath": {
          "children": [
            {
              "Zpool": {
                "children": [
                  {
                    "Dataset": {
                      "guid": 16954366997832554325,
                      "kind": "filesystem",
                      "mount": null,
                      "name": "mdt1/mdt1",
                      "props": [
                        {
                          "name": "name",
                          "value": "mdt1/mdt1"
                        },
                        {
                          "name": "type",
                          "value": "filesystem"
                        },
                        {
                          "name": "creation",
                          "value": "1587120304"
                        },
                        {
                          "name": "used",
                          "value": "3244544"
                        },
                        {
                          "name": "available",
                          "value": "5165020672"
                        },
                        {
                          "name": "referenced",
                          "value": "3244544"
                        },
                        {
                          "name": "compressratio",
                          "value": "1.00x"
                        },
                        {
                          "name": "mounted",
                          "value": "no"
                        },
                        {
                          "name": "quota",
                          "value": "0"
                        },
                        {
                          "name": "reservation",
                          "value": "0"
                        },
                        {
                          "name": "recordsize",
                          "value": "131072"
                        },
                        {
                          "name": "mountpoint",
                          "value": "/mdt1/mdt1"
                        },
                        {
                          "name": "sharenfs",
                          "value": "off"
                        },
                        {
                          "name": "checksum",
                          "value": "on"
                        },
                        {
                          "name": "compression",
                          "value": "off"
                        },
                        {
                          "name": "atime",
                          "value": "on"
                        },
                        {
                          "name": "devices",
                          "value": "on"
                        },
                        {
                          "name": "exec",
                          "value": "on"
                        },
                        {
                          "name": "setuid",
                          "value": "on"
                        },
                        {
                          "name": "readonly",
                          "value": "off"
                        },
                        {
                          "name": "zoned",
                          "value": "off"
                        },
                        {
                          "name": "snapdir",
                          "value": "hidden"
                        },
                        {
                          "name": "aclinherit",
                          "value": "restricted"
                        },
                        {
                          "name": "createtxg",
                          "value": "10"
                        },
                        {
                          "name": "canmount",
                          "value": "off"
                        },
                        {
                          "name": "xattr",
                          "value": "sa"
                        },
                        {
                          "name": "copies",
                          "value": "1"
                        },
                        {
                          "name": "version",
                          "value": "5"
                        },
                        {
                          "name": "utf8only",
                          "value": "off"
                        },
                        {
                          "name": "normalization",
                          "value": "none"
                        },
                        {
                          "name": "casesensitivity",
                          "value": "sensitive"
                        },
                        {
                          "name": "vscan",
                          "value": "off"
                        },
                        {
                          "name": "nbmand",
                          "value": "off"
                        },
                        {
                          "name": "sharesmb",
                          "value": "off"
                        },
                        {
                          "name": "refquota",
                          "value": "0"
                        },
                        {
                          "name": "refreservation",
                          "value": "0"
                        },
                        {
                          "name": "guid",
                          "value": "16954366997832554325"
                        },
                        {
                          "name": "primarycache",
                          "value": "all"
                        },
                        {
                          "name": "secondarycache",
                          "value": "all"
                        },
                        {
                          "name": "usedbysnapshots",
                          "value": "0"
                        },
                        {
                          "name": "usedbydataset",
                          "value": "3244544"
                        },
                        {
                          "name": "usedbychildren",
                          "value": "0"
                        },
                        {
                          "name": "usedbyrefreservation",
                          "value": "0"
                        },
                        {
                          "name": "logbias",
                          "value": "latency"
                        },
                        {
                          "name": "dedup",
                          "value": "off"
                        },
                        {
                          "name": "mlslabel",
                          "value": "none"
                        },
                        {
                          "name": "sync",
                          "value": "standard"
                        },
                        {
                          "name": "dnodesize",
                          "value": "auto"
                        },
                        {
                          "name": "refcompressratio",
                          "value": "1.00x"
                        },
                        {
                          "name": "written",
                          "value": "3244544"
                        },
                        {
                          "name": "logicalused",
                          "value": "1722368"
                        },
                        {
                          "name": "logicalreferenced",
                          "value": "1722368"
                        },
                        {
                          "name": "volmode",
                          "value": "default"
                        },
                        {
                          "name": "filesystem_limit",
                          "value": "18446744073709551615"
                        },
                        {
                          "name": "snapshot_limit",
                          "value": "18446744073709551615"
                        },
                        {
                          "name": "filesystem_count",
                          "value": "18446744073709551615"
                        },
                        {
                          "name": "snapshot_count",
                          "value": "18446744073709551615"
                        },
                        {
                          "name": "snapdev",
                          "value": "hidden"
                        },
                        {
                          "name": "acltype",
                          "value": "off"
                        },
                        {
                          "name": "context",
                          "value": "none"
                        },
                        {
                          "name": "fscontext",
                          "value": "none"
                        },
                        {
                          "name": "defcontext",
                          "value": "none"
                        },
                        {
                          "name": "rootcontext",
                          "value": "none"
                        },
                        {
                          "name": "relatime",
                          "value": "off"
                        },
                        {
                          "name": "redundant_metadata",
                          "value": "all"
                        },
                        {
                          "name": "overlay",
                          "value": "off"
                        },
                        {
                          "name": "lustre:version",
                          "value": "1"
                        },
                        {
                          "name": "lustre:fsname",
                          "value": "zfsmo"
                        },
                        {
                          "name": "lustre:failover.node",
                          "value": "10.73.20.11@tcp"
                        },
                        {
                          "name": "lustre:flags",
                          "value": "33"
                        },
                        {
                          "name": "lustre:svname",
                          "value": "zfsmo-MDT0001"
                        },
                        {
                          "name": "lustre:index",
                          "value": "1"
                        },
                        {
                          "name": "lustre:mgsnode",
                          "value": "10.73.20.11@tcp:10.73.20.12@tcp"
                        }
                      ]
                    }
                  }
                ],
                "guid": 2863087293198835809,
                "health": "ONLINE",
                "mount": {
                  "fs_type": "zfs",
                  "opts": "rw,xattr,noacl",
                  "source": "mdt1",
                  "target": "/mdt1"
                },
                "name": "mdt1",
                "props": [],
                "size": 5335154688,
                "state": "ACTIVE",
                "vdev": {
                  "Root": {
                    "cache": [],
                    "children": [
                      {
                        "Disk": {
                          "dev_id": "dm-uuid-mpath-36001405c476be7a53a94ca9a1ecc4512",
                          "guid": 2581067637632890532,
                          "is_log": false,
                          "path": "/dev/mapper/mpathc",
                          "phys_path": null,
                          "state": "ONLINE",
                          "whole_disk": false
                        }
                      }
                    ],
                    "spares": []
                  }
                }
              }
            }
          ],
          "devpath": "/devices/virtual/block/dm-2",
          "dm_name": "mpathc",
          "filesystem_type": "zfs_member",
          "fs_label": "mdt1",
          "fs_uuid": "2863087293198835809",
          "major": "253",
          "minor": "2",
          "mount": null,
          "paths": [
            "/dev/mapper/mpathc",
            "/dev/disk/by-id/dm-name-mpathc",
            "/dev/disk/by-id/dm-uuid-mpath-36001405c476be7a53a94ca9a1ecc4512",
            "/dev/disk/by-label/mdt1",
            "/dev/disk/by-uuid/2863087293198835809",
            "/dev/dm-2"
          ],
          "scsi80": "SLIO-ORG mdt2            c476be7a-53a9-4ca9-a1ec-c45123444aaf",
          "serial": "36001405c476be7a53a94ca9a1ecc4512",
          "size": 5368709120
        }
      }
    ],
    "devpath": "/devices/platform/host2/session1/target2:0:0/2:0:0:2/block/sdg",
    "filesystem_type": "mpath_member",
    "fs_label": "mdt1",
    "fs_uuid": "2863087293198835809",
    "major": "8",
    "minor": "96",
    "mount": null,
    "paths": [
      "/dev/disk/by-id/scsi-36001405c476be7a53a94ca9a1ecc4512",
      "/dev/disk/by-id/wwn-0x6001405c476be7a53a94ca9a1ecc4512",
      "/dev/disk/by-path/fc---lun-2",
      "/dev/disk/by-path/ip-10.73.40.10:3260-iscsi-iqn.2015-01.com.whamcloud.lu:mds-lun-2",
      "/dev/disk/by-label/mdt1",
      "/dev/disk/by-uuid/2863087293198835809",
      "/dev/sdg"
    ],
    "scsi80": "SLIO-ORG mdt2            c476be7a-53a9-4ca9-a1ec-c45123444aaf",
    "serial": "36001405c476be7a53a94ca9a1ecc4512",
    "size": 5368709120
  }
}
