---
source: iml-services/iml-device/src/virtual_device.rs
expression: c_serde
---
{
  "ScsiDevice": {
    "children": [
      {
        "Mpath": {
          "children": [
            {
              "Zpool": {
                "children": [
                  {
                    "Dataset": {
                      "guid": 18158260244259027623,
                      "kind": "filesystem",
                      "mount": null,
                      "name": "ost13/ost13",
                      "props": [
                        {
                          "name": "name",
                          "value": "ost13/ost13"
                        },
                        {
                          "name": "type",
                          "value": "filesystem"
                        },
                        {
                          "name": "creation",
                          "value": "1587638742"
                        },
                        {
                          "name": "used",
                          "value": "3629056"
                        },
                        {
                          "name": "available",
                          "value": "5164683776"
                        },
                        {
                          "name": "referenced",
                          "value": "3629056"
                        },
                        {
                          "name": "compressratio",
                          "value": "1.00x"
                        },
                        {
                          "name": "mounted",
                          "value": "no"
                        },
                        {
                          "name": "quota",
                          "value": "0"
                        },
                        {
                          "name": "reservation",
                          "value": "0"
                        },
                        {
                          "name": "recordsize",
                          "value": "1048576"
                        },
                        {
                          "name": "mountpoint",
                          "value": "/ost13/ost13"
                        },
                        {
                          "name": "sharenfs",
                          "value": "off"
                        },
                        {
                          "name": "checksum",
                          "value": "on"
                        },
                        {
                          "name": "compression",
                          "value": "off"
                        },
                        {
                          "name": "atime",
                          "value": "on"
                        },
                        {
                          "name": "devices",
                          "value": "on"
                        },
                        {
                          "name": "exec",
                          "value": "on"
                        },
                        {
                          "name": "setuid",
                          "value": "on"
                        },
                        {
                          "name": "readonly",
                          "value": "off"
                        },
                        {
                          "name": "zoned",
                          "value": "off"
                        },
                        {
                          "name": "snapdir",
                          "value": "hidden"
                        },
                        {
                          "name": "aclinherit",
                          "value": "restricted"
                        },
                        {
                          "name": "createtxg",
                          "value": "11"
                        },
                        {
                          "name": "canmount",
                          "value": "off"
                        },
                        {
                          "name": "xattr",
                          "value": "sa"
                        },
                        {
                          "name": "copies",
                          "value": "1"
                        },
                        {
                          "name": "version",
                          "value": "5"
                        },
                        {
                          "name": "utf8only",
                          "value": "off"
                        },
                        {
                          "name": "normalization",
                          "value": "none"
                        },
                        {
                          "name": "casesensitivity",
                          "value": "sensitive"
                        },
                        {
                          "name": "vscan",
                          "value": "off"
                        },
                        {
                          "name": "nbmand",
                          "value": "off"
                        },
                        {
                          "name": "sharesmb",
                          "value": "off"
                        },
                        {
                          "name": "refquota",
                          "value": "0"
                        },
                        {
                          "name": "refreservation",
                          "value": "0"
                        },
                        {
                          "name": "guid",
                          "value": "18158260244259027623"
                        },
                        {
                          "name": "primarycache",
                          "value": "all"
                        },
                        {
                          "name": "secondarycache",
                          "value": "all"
                        },
                        {
                          "name": "usedbysnapshots",
                          "value": "0"
                        },
                        {
                          "name": "usedbydataset",
                          "value": "3629056"
                        },
                        {
                          "name": "usedbychildren",
                          "value": "0"
                        },
                        {
                          "name": "usedbyrefreservation",
                          "value": "0"
                        },
                        {
                          "name": "logbias",
                          "value": "latency"
                        },
                        {
                          "name": "dedup",
                          "value": "off"
                        },
                        {
                          "name": "mlslabel",
                          "value": "none"
                        },
                        {
                          "name": "sync",
                          "value": "standard"
                        },
                        {
                          "name": "dnodesize",
                          "value": "auto"
                        },
                        {
                          "name": "refcompressratio",
                          "value": "1.00x"
                        },
                        {
                          "name": "written",
                          "value": "3629056"
                        },
                        {
                          "name": "logicalused",
                          "value": "1838080"
                        },
                        {
                          "name": "logicalreferenced",
                          "value": "1838080"
                        },
                        {
                          "name": "volmode",
                          "value": "default"
                        },
                        {
                          "name": "filesystem_limit",
                          "value": "18446744073709551615"
                        },
                        {
                          "name": "snapshot_limit",
                          "value": "18446744073709551615"
                        },
                        {
                          "name": "filesystem_count",
                          "value": "18446744073709551615"
                        },
                        {
                          "name": "snapshot_count",
                          "value": "18446744073709551615"
                        },
                        {
                          "name": "snapdev",
                          "value": "hidden"
                        },
                        {
                          "name": "acltype",
                          "value": "off"
                        },
                        {
                          "name": "context",
                          "value": "none"
                        },
                        {
                          "name": "fscontext",
                          "value": "none"
                        },
                        {
                          "name": "defcontext",
                          "value": "none"
                        },
                        {
                          "name": "rootcontext",
                          "value": "none"
                        },
                        {
                          "name": "relatime",
                          "value": "off"
                        },
                        {
                          "name": "redundant_metadata",
                          "value": "all"
                        },
                        {
                          "name": "overlay",
                          "value": "off"
                        },
                        {
                          "name": "lustre:fsname",
                          "value": "zfsmo"
                        },
                        {
                          "name": "lustre:index",
                          "value": "13"
                        },
                        {
                          "name": "lustre:mgsnode",
                          "value": "10.73.20.11@tcp:10.73.20.12@tcp"
                        },
                        {
                          "name": "lustre:failover.node",
                          "value": "10.73.20.21@tcp"
                        },
                        {
                          "name": "lustre:flags",
                          "value": "34"
                        },
                        {
                          "name": "lustre:svname",
                          "value": "zfsmo-OST000d"
                        },
                        {
                          "name": "lustre:version",
                          "value": "1"
                        }
                      ]
                    }
                  }
                ],
                "guid": 799822500078265648,
                "health": "ONLINE",
                "mount": {
                  "fs_type": "zfs",
                  "opts": "rw,xattr,noacl",
                  "source": "ost13",
                  "target": "/ost13"
                },
                "name": "ost13",
                "props": [],
                "size": 5335154688,
                "state": "ACTIVE",
                "vdev": {
                  "Root": {
                    "cache": [],
                    "children": [
                      {
                        "Disk": {
                          "dev_id": "dm-uuid-mpath-36001405d4291d03c272490f94413850d",
                          "guid": 4286170099311804581,
                          "is_log": false,
                          "path": "/dev/mapper/mpathn",
                          "phys_path": null,
                          "state": "ONLINE",
                          "whole_disk": false
                        }
                      }
                    ],
                    "spares": []
                  }
                }
              }
            }
          ],
          "devpath": "/devices/virtual/block/dm-17",
          "dm_name": "mpathn",
          "filesystem_type": "zfs_member",
          "fs_label": "ost13",
          "fs_uuid": "799822500078265648",
          "major": "253",
          "minor": "17",
          "mount": null,
          "paths": [
            "/dev/mapper/mpathn",
            "/dev/disk/by-id/dm-name-mpathn",
            "/dev/disk/by-id/dm-uuid-mpath-36001405d4291d03c272490f94413850d",
            "/dev/disk/by-label/ost13",
            "/dev/disk/by-uuid/799822500078265648",
            "/dev/dm-17"
          ],
          "scsi80": "SLIO-ORG ost4            d4291d03-c272-490f-9441-3850d7385f32",
          "serial": "36001405d4291d03c272490f94413850d",
          "size": 5368709120
        }
      }
    ],
    "devpath": "/devices/platform/host4/session3/target4:0:0/4:0:0:3/block/sdaj",
    "filesystem_type": "mpath_member",
    "fs_label": "ost13",
    "fs_uuid": "799822500078265648",
    "major": "66",
    "minor": "48",
    "mount": null,
    "paths": [
      "/dev/disk/by-id/scsi-36001405d4291d03c272490f94413850d",
      "/dev/disk/by-id/wwn-0x6001405d4291d03c272490f94413850d",
      "/dev/disk/by-path/fc---lun-3",
      "/dev/disk/by-path/ip-10.73.40.10:3260-iscsi-iqn.2015-01.com.whamcloud.lu:oss-lun-3",
      "/dev/disk/by-label/ost13",
      "/dev/disk/by-uuid/799822500078265648",
      "/dev/sdaj"
    ],
    "scsi80": "SLIO-ORG ost4            d4291d03-c272-490f-9441-3850d7385f32",
    "serial": "36001405d4291d03c272490f94413850d",
    "size": 5368709120
  }
}
