---
source: iml-services/iml-device/src/virtual_device.rs
expression: c_serde
---
{
  "ScsiDevice": {
    "children": [
      {
        "Mpath": {
          "children": [
            {
              "Zpool": {
                "children": [
                  {
                    "Dataset": {
                      "guid": 11827537577362886127,
                      "kind": "filesystem",
                      "mount": null,
                      "name": "ost14/ost14",
                      "props": [
                        {
                          "name": "name",
                          "value": "ost14/ost14"
                        },
                        {
                          "name": "type",
                          "value": "filesystem"
                        },
                        {
                          "name": "creation",
                          "value": "1587638743"
                        },
                        {
                          "name": "used",
                          "value": "3632128"
                        },
                        {
                          "name": "available",
                          "value": "5164683776"
                        },
                        {
                          "name": "referenced",
                          "value": "3632128"
                        },
                        {
                          "name": "compressratio",
                          "value": "1.00x"
                        },
                        {
                          "name": "mounted",
                          "value": "no"
                        },
                        {
                          "name": "quota",
                          "value": "0"
                        },
                        {
                          "name": "reservation",
                          "value": "0"
                        },
                        {
                          "name": "recordsize",
                          "value": "1048576"
                        },
                        {
                          "name": "mountpoint",
                          "value": "/ost14/ost14"
                        },
                        {
                          "name": "sharenfs",
                          "value": "off"
                        },
                        {
                          "name": "checksum",
                          "value": "on"
                        },
                        {
                          "name": "compression",
                          "value": "off"
                        },
                        {
                          "name": "atime",
                          "value": "on"
                        },
                        {
                          "name": "devices",
                          "value": "on"
                        },
                        {
                          "name": "exec",
                          "value": "on"
                        },
                        {
                          "name": "setuid",
                          "value": "on"
                        },
                        {
                          "name": "readonly",
                          "value": "off"
                        },
                        {
                          "name": "zoned",
                          "value": "off"
                        },
                        {
                          "name": "snapdir",
                          "value": "hidden"
                        },
                        {
                          "name": "aclinherit",
                          "value": "restricted"
                        },
                        {
                          "name": "createtxg",
                          "value": "11"
                        },
                        {
                          "name": "canmount",
                          "value": "off"
                        },
                        {
                          "name": "xattr",
                          "value": "sa"
                        },
                        {
                          "name": "copies",
                          "value": "1"
                        },
                        {
                          "name": "version",
                          "value": "5"
                        },
                        {
                          "name": "utf8only",
                          "value": "off"
                        },
                        {
                          "name": "normalization",
                          "value": "none"
                        },
                        {
                          "name": "casesensitivity",
                          "value": "sensitive"
                        },
                        {
                          "name": "vscan",
                          "value": "off"
                        },
                        {
                          "name": "nbmand",
                          "value": "off"
                        },
                        {
                          "name": "sharesmb",
                          "value": "off"
                        },
                        {
                          "name": "refquota",
                          "value": "0"
                        },
                        {
                          "name": "refreservation",
                          "value": "0"
                        },
                        {
                          "name": "guid",
                          "value": "11827537577362886127"
                        },
                        {
                          "name": "primarycache",
                          "value": "all"
                        },
                        {
                          "name": "secondarycache",
                          "value": "all"
                        },
                        {
                          "name": "usedbysnapshots",
                          "value": "0"
                        },
                        {
                          "name": "usedbydataset",
                          "value": "3632128"
                        },
                        {
                          "name": "usedbychildren",
                          "value": "0"
                        },
                        {
                          "name": "usedbyrefreservation",
                          "value": "0"
                        },
                        {
                          "name": "logbias",
                          "value": "latency"
                        },
                        {
                          "name": "dedup",
                          "value": "off"
                        },
                        {
                          "name": "mlslabel",
                          "value": "none"
                        },
                        {
                          "name": "sync",
                          "value": "standard"
                        },
                        {
                          "name": "dnodesize",
                          "value": "auto"
                        },
                        {
                          "name": "refcompressratio",
                          "value": "1.00x"
                        },
                        {
                          "name": "written",
                          "value": "3632128"
                        },
                        {
                          "name": "logicalused",
                          "value": "1840128"
                        },
                        {
                          "name": "logicalreferenced",
                          "value": "1840128"
                        },
                        {
                          "name": "volmode",
                          "value": "default"
                        },
                        {
                          "name": "filesystem_limit",
                          "value": "18446744073709551615"
                        },
                        {
                          "name": "snapshot_limit",
                          "value": "18446744073709551615"
                        },
                        {
                          "name": "filesystem_count",
                          "value": "18446744073709551615"
                        },
                        {
                          "name": "snapshot_count",
                          "value": "18446744073709551615"
                        },
                        {
                          "name": "snapdev",
                          "value": "hidden"
                        },
                        {
                          "name": "acltype",
                          "value": "off"
                        },
                        {
                          "name": "context",
                          "value": "none"
                        },
                        {
                          "name": "fscontext",
                          "value": "none"
                        },
                        {
                          "name": "defcontext",
                          "value": "none"
                        },
                        {
                          "name": "rootcontext",
                          "value": "none"
                        },
                        {
                          "name": "relatime",
                          "value": "off"
                        },
                        {
                          "name": "redundant_metadata",
                          "value": "all"
                        },
                        {
                          "name": "overlay",
                          "value": "off"
                        },
                        {
                          "name": "lustre:version",
                          "value": "1"
                        },
                        {
                          "name": "lustre:index",
                          "value": "14"
                        },
                        {
                          "name": "lustre:fsname",
                          "value": "zfsmo"
                        },
                        {
                          "name": "lustre:flags",
                          "value": "34"
                        },
                        {
                          "name": "lustre:failover.node",
                          "value": "10.73.20.21@tcp"
                        },
                        {
                          "name": "lustre:svname",
                          "value": "zfsmo-OST000e"
                        },
                        {
                          "name": "lustre:mgsnode",
                          "value": "10.73.20.11@tcp:10.73.20.12@tcp"
                        }
                      ]
                    }
                  }
                ],
                "guid": 11995212453119571982,
                "health": "ONLINE",
                "mount": {
                  "fs_type": "zfs",
                  "opts": "rw,xattr,noacl",
                  "source": "ost14",
                  "target": "/ost14"
                },
                "name": "ost14",
                "props": [],
                "size": 5335154688,
                "state": "ACTIVE",
                "vdev": {
                  "Root": {
                    "cache": [],
                    "children": [
                      {
                        "Disk": {
                          "dev_id": "dm-uuid-mpath-36001405be573fca80964b1c955fabaf5",
                          "guid": 14202016482262421027,
                          "is_log": false,
                          "path": "/dev/mapper/mpatho",
                          "phys_path": null,
                          "state": "ONLINE",
                          "whole_disk": false
                        }
                      }
                    ],
                    "spares": []
                  }
                }
              }
            }
          ],
          "devpath": "/devices/virtual/block/dm-16",
          "dm_name": "mpatho",
          "filesystem_type": "zfs_member",
          "fs_label": "ost14",
          "fs_uuid": "11995212453119571982",
          "major": "253",
          "minor": "16",
          "mount": null,
          "paths": [
            "/dev/mapper/mpatho",
            "/dev/disk/by-id/dm-name-mpatho",
            "/dev/disk/by-id/dm-uuid-mpath-36001405be573fca80964b1c955fabaf5",
            "/dev/disk/by-label/ost14",
            "/dev/disk/by-uuid/11995212453119571982",
            "/dev/dm-16"
          ],
          "scsi80": "SLIO-ORG ost5            be573fca-8096-4b1c-955f-abaf5b0d2912",
          "serial": "36001405be573fca80964b1c955fabaf5",
          "size": 5368709120
        }
      }
    ],
    "devpath": "/devices/platform/host5/session4/target5:0:0/5:0:0:4/block/sdai",
    "filesystem_type": "mpath_member",
    "fs_label": "ost14",
    "fs_uuid": "11995212453119571982",
    "major": "66",
    "minor": "32",
    "mount": null,
    "paths": [
      "/dev/disk/by-id/scsi-36001405be573fca80964b1c955fabaf5",
      "/dev/disk/by-id/wwn-0x6001405be573fca80964b1c955fabaf5",
      "/dev/disk/by-path/fc---lun-4",
      "/dev/disk/by-path/ip-10.73.50.10:3260-iscsi-iqn.2015-01.com.whamcloud.lu:oss-lun-4",
      "/dev/disk/by-label/ost14",
      "/dev/disk/by-uuid/11995212453119571982",
      "/dev/sdai"
    ],
    "scsi80": "SLIO-ORG ost5            be573fca-8096-4b1c-955f-abaf5b0d2912",
    "serial": "36001405be573fca80964b1c955fabaf5",
    "size": 5368709120
  }
}
