---
source: iml-services/iml-device/src/virtual_device.rs
expression: c
---
{
  "ScsiDevice": {
    "serial": "360014059e9ea314ea2443ac99aefc898",
    "scsi80": "SLIO-ORG ost1            9e9ea314-ea24-43ac-99ae-fc8986e1d1bb",
    "major": "8",
    "minor": "32",
    "devpath": "/devices/platform/host5/session4/target5:0:0/5:0:0:0/block/sdc",
    "size": 5368709120,
    "filesystem_type": "mpath_member",
    "fs_uuid": "10573247376558283463",
    "fs_label": "ost0",
    "paths": [
      "/dev/disk/by-id/scsi-360014059e9ea314ea2443ac99aefc898",
      "/dev/disk/by-id/wwn-0x60014059e9ea314ea2443ac99aefc898",
      "/dev/disk/by-path/fc---lun-0",
      "/dev/disk/by-path/ip-10.73.50.10:3260-iscsi-iqn.2015-01.com.whamcloud.lu:oss-lun-0",
      "/dev/disk/by-label/ost0",
      "/dev/disk/by-uuid/10573247376558283463",
      "/dev/sdc"
    ],
    "mount": null,
    "children": [
      {
        "Mpath": {
          "devpath": "/devices/virtual/block/dm-0",
          "serial": "360014059e9ea314ea2443ac99aefc898",
          "scsi80": "SLIO-ORG ost1            9e9ea314-ea24-43ac-99ae-fc8986e1d1bb",
          "dm_name": "mpatha",
          "size": 5368709120,
          "major": "253",
          "minor": "0",
          "filesystem_type": "zfs_member",
          "fs_uuid": "10573247376558283463",
          "fs_label": "ost0",
          "paths": [
            "/dev/mapper/mpatha",
            "/dev/disk/by-id/dm-name-mpatha",
            "/dev/disk/by-id/dm-uuid-mpath-360014059e9ea314ea2443ac99aefc898",
            "/dev/disk/by-label/ost0",
            "/dev/disk/by-uuid/10573247376558283463",
            "/dev/dm-0"
          ],
          "children": [
            {
              "Zpool": {
                "guid": 10573247376558283463,
                "name": "ost0",
                "health": "ONLINE",
                "state": "ACTIVE",
                "size": 5335154688,
                "vdev": {
                  "Root": {
                    "children": [
                      {
                        "Disk": {
                          "guid": 18426334859214873304,
                          "state": "ONLINE",
                          "path": "/dev/mapper/mpatha",
                          "dev_id": "dm-uuid-mpath-360014059e9ea314ea2443ac99aefc898",
                          "phys_path": null,
                          "whole_disk": false,
                          "is_log": false
                        }
                      }
                    ],
                    "spares": [],
                    "cache": []
                  }
                },
                "props": [],
                "children": [
                  {
                    "Dataset": {
                      "guid": 14227615981683088694,
                      "name": "ost0/ost0",
                      "kind": "filesystem",
                      "props": [
                        {
                          "name": "name",
                          "value": "ost0/ost0"
                        },
                        {
                          "name": "type",
                          "value": "filesystem"
                        },
                        {
                          "name": "creation",
                          "value": "1587638490"
                        },
                        {
                          "name": "used",
                          "value": "3614720"
                        },
                        {
                          "name": "available",
                          "value": "5164699648"
                        },
                        {
                          "name": "referenced",
                          "value": "3614720"
                        },
                        {
                          "name": "compressratio",
                          "value": "1.00x"
                        },
                        {
                          "name": "mounted",
                          "value": "no"
                        },
                        {
                          "name": "quota",
                          "value": "0"
                        },
                        {
                          "name": "reservation",
                          "value": "0"
                        },
                        {
                          "name": "recordsize",
                          "value": "1048576"
                        },
                        {
                          "name": "mountpoint",
                          "value": "/ost0/ost0"
                        },
                        {
                          "name": "sharenfs",
                          "value": "off"
                        },
                        {
                          "name": "checksum",
                          "value": "on"
                        },
                        {
                          "name": "compression",
                          "value": "off"
                        },
                        {
                          "name": "atime",
                          "value": "on"
                        },
                        {
                          "name": "devices",
                          "value": "on"
                        },
                        {
                          "name": "exec",
                          "value": "on"
                        },
                        {
                          "name": "setuid",
                          "value": "on"
                        },
                        {
                          "name": "readonly",
                          "value": "off"
                        },
                        {
                          "name": "zoned",
                          "value": "off"
                        },
                        {
                          "name": "snapdir",
                          "value": "hidden"
                        },
                        {
                          "name": "aclinherit",
                          "value": "restricted"
                        },
                        {
                          "name": "createtxg",
                          "value": "10"
                        },
                        {
                          "name": "canmount",
                          "value": "off"
                        },
                        {
                          "name": "xattr",
                          "value": "sa"
                        },
                        {
                          "name": "copies",
                          "value": "1"
                        },
                        {
                          "name": "version",
                          "value": "5"
                        },
                        {
                          "name": "utf8only",
                          "value": "off"
                        },
                        {
                          "name": "normalization",
                          "value": "none"
                        },
                        {
                          "name": "casesensitivity",
                          "value": "sensitive"
                        },
                        {
                          "name": "vscan",
                          "value": "off"
                        },
                        {
                          "name": "nbmand",
                          "value": "off"
                        },
                        {
                          "name": "sharesmb",
                          "value": "off"
                        },
                        {
                          "name": "refquota",
                          "value": "0"
                        },
                        {
                          "name": "refreservation",
                          "value": "0"
                        },
                        {
                          "name": "guid",
                          "value": "14227615981683088694"
                        },
                        {
                          "name": "primarycache",
                          "value": "all"
                        },
                        {
                          "name": "secondarycache",
                          "value": "all"
                        },
                        {
                          "name": "usedbysnapshots",
                          "value": "0"
                        },
                        {
                          "name": "usedbydataset",
                          "value": "3614720"
                        },
                        {
                          "name": "usedbychildren",
                          "value": "0"
                        },
                        {
                          "name": "usedbyrefreservation",
                          "value": "0"
                        },
                        {
                          "name": "logbias",
                          "value": "latency"
                        },
                        {
                          "name": "dedup",
                          "value": "off"
                        },
                        {
                          "name": "mlslabel",
                          "value": "none"
                        },
                        {
                          "name": "sync",
                          "value": "standard"
                        },
                        {
                          "name": "dnodesize",
                          "value": "auto"
                        },
                        {
                          "name": "refcompressratio",
                          "value": "1.00x"
                        },
                        {
                          "name": "written",
                          "value": "3614720"
                        },
                        {
                          "name": "logicalused",
                          "value": "1823744"
                        },
                        {
                          "name": "logicalreferenced",
                          "value": "1823744"
                        },
                        {
                          "name": "volmode",
                          "value": "default"
                        },
                        {
                          "name": "filesystem_limit",
                          "value": "18446744073709551615"
                        },
                        {
                          "name": "snapshot_limit",
                          "value": "18446744073709551615"
                        },
                        {
                          "name": "filesystem_count",
                          "value": "18446744073709551615"
                        },
                        {
                          "name": "snapshot_count",
                          "value": "18446744073709551615"
                        },
                        {
                          "name": "snapdev",
                          "value": "hidden"
                        },
                        {
                          "name": "acltype",
                          "value": "off"
                        },
                        {
                          "name": "context",
                          "value": "none"
                        },
                        {
                          "name": "fscontext",
                          "value": "none"
                        },
                        {
                          "name": "defcontext",
                          "value": "none"
                        },
                        {
                          "name": "rootcontext",
                          "value": "none"
                        },
                        {
                          "name": "relatime",
                          "value": "off"
                        },
                        {
                          "name": "redundant_metadata",
                          "value": "all"
                        },
                        {
                          "name": "overlay",
                          "value": "off"
                        },
                        {
                          "name": "lustre:failover.node",
                          "value": "10.73.20.22@tcp"
                        },
                        {
                          "name": "lustre:index",
                          "value": "0"
                        },
                        {
                          "name": "lustre:version",
                          "value": "1"
                        },
                        {
                          "name": "lustre:fsname",
                          "value": "zfsmo"
                        },
                        {
                          "name": "lustre:mgsnode",
                          "value": "10.73.20.11@tcp:10.73.20.12@tcp"
                        },
                        {
                          "name": "lustre:flags",
                          "value": "34"
                        },
                        {
                          "name": "lustre:svname",
                          "value": "zfsmo-OST0000"
                        }
                      ],
                      "mount": null
                    }
                  }
                ],
                "mount": {
                  "source": "ost0",
                  "target": "/ost0",
                  "fs_type": "zfs",
                  "opts": "rw,xattr,noacl"
                }
              }
            }
          ],
          "mount": null
        }
      }
    ]
  }
}
