---
source: iml-services/iml-device/src/virtual_device.rs
expression: c
---
{
  "ScsiDevice": {
    "serial": "36001405344dffacf03b40beacc990f91",
    "scsi80": "SLIO-ORG ost17           344dffac-f03b-40be-acc9-90f919eba26a",
    "major": "8",
    "minor": "144",
    "devpath": "/devices/platform/host4/session3/target4:0:0/4:0:0:16/block/sdj",
    "size": 5368709120,
    "filesystem_type": "mpath_member",
    "fs_uuid": "2259451214255839809",
    "fs_label": "ost8",
    "paths": [
      "/dev/disk/by-id/scsi-36001405344dffacf03b40beacc990f91",
      "/dev/disk/by-id/wwn-0x6001405344dffacf03b40beacc990f91",
      "/dev/disk/by-path/fc---lun-16",
      "/dev/disk/by-path/ip-10.73.40.10:3260-iscsi-iqn.2015-01.com.whamcloud.lu:oss-lun-16",
      "/dev/disk/by-label/ost8",
      "/dev/disk/by-uuid/2259451214255839809",
      "/dev/sdj"
    ],
    "mount": null,
    "children": [
      {
        "Mpath": {
          "devpath": "/devices/virtual/block/dm-4",
          "serial": "36001405344dffacf03b40beacc990f91",
          "scsi80": "SLIO-ORG ost17           344dffac-f03b-40be-acc9-90f919eba26a",
          "dm_name": "mpathi",
          "size": 5368709120,
          "major": "253",
          "minor": "4",
          "filesystem_type": "zfs_member",
          "fs_uuid": "2259451214255839809",
          "fs_label": "ost8",
          "paths": [
            "/dev/mapper/mpathi",
            "/dev/disk/by-id/dm-name-mpathi",
            "/dev/disk/by-id/dm-uuid-mpath-36001405344dffacf03b40beacc990f91",
            "/dev/disk/by-label/ost8",
            "/dev/disk/by-uuid/2259451214255839809",
            "/dev/dm-4"
          ],
          "children": [
            {
              "Zpool": {
                "guid": 2259451214255839809,
                "name": "ost8",
                "health": "ONLINE",
                "state": "ACTIVE",
                "size": 5335154688,
                "vdev": {
                  "Root": {
                    "children": [
                      {
                        "Disk": {
                          "guid": 7027415539543258860,
                          "state": "ONLINE",
                          "path": "/dev/mapper/mpathi",
                          "dev_id": "dm-uuid-mpath-36001405344dffacf03b40beacc990f91",
                          "phys_path": null,
                          "whole_disk": false,
                          "is_log": false
                        }
                      }
                    ],
                    "spares": [],
                    "cache": []
                  }
                },
                "props": [],
                "children": [
                  {
                    "Dataset": {
                      "guid": 3323208509702482379,
                      "name": "ost8/ost8",
                      "kind": "filesystem",
                      "props": [
                        {
                          "name": "name",
                          "value": "ost8/ost8"
                        },
                        {
                          "name": "type",
                          "value": "filesystem"
                        },
                        {
                          "name": "creation",
                          "value": "1587638497"
                        },
                        {
                          "name": "used",
                          "value": "3625472"
                        },
                        {
                          "name": "available",
                          "value": "5164688896"
                        },
                        {
                          "name": "referenced",
                          "value": "3625472"
                        },
                        {
                          "name": "compressratio",
                          "value": "1.00x"
                        },
                        {
                          "name": "mounted",
                          "value": "no"
                        },
                        {
                          "name": "quota",
                          "value": "0"
                        },
                        {
                          "name": "reservation",
                          "value": "0"
                        },
                        {
                          "name": "recordsize",
                          "value": "1048576"
                        },
                        {
                          "name": "mountpoint",
                          "value": "/ost8/ost8"
                        },
                        {
                          "name": "sharenfs",
                          "value": "off"
                        },
                        {
                          "name": "checksum",
                          "value": "on"
                        },
                        {
                          "name": "compression",
                          "value": "off"
                        },
                        {
                          "name": "atime",
                          "value": "on"
                        },
                        {
                          "name": "devices",
                          "value": "on"
                        },
                        {
                          "name": "exec",
                          "value": "on"
                        },
                        {
                          "name": "setuid",
                          "value": "on"
                        },
                        {
                          "name": "readonly",
                          "value": "off"
                        },
                        {
                          "name": "zoned",
                          "value": "off"
                        },
                        {
                          "name": "snapdir",
                          "value": "hidden"
                        },
                        {
                          "name": "aclinherit",
                          "value": "restricted"
                        },
                        {
                          "name": "createtxg",
                          "value": "11"
                        },
                        {
                          "name": "canmount",
                          "value": "off"
                        },
                        {
                          "name": "xattr",
                          "value": "sa"
                        },
                        {
                          "name": "copies",
                          "value": "1"
                        },
                        {
                          "name": "version",
                          "value": "5"
                        },
                        {
                          "name": "utf8only",
                          "value": "off"
                        },
                        {
                          "name": "normalization",
                          "value": "none"
                        },
                        {
                          "name": "casesensitivity",
                          "value": "sensitive"
                        },
                        {
                          "name": "vscan",
                          "value": "off"
                        },
                        {
                          "name": "nbmand",
                          "value": "off"
                        },
                        {
                          "name": "sharesmb",
                          "value": "off"
                        },
                        {
                          "name": "refquota",
                          "value": "0"
                        },
                        {
                          "name": "refreservation",
                          "value": "0"
                        },
                        {
                          "name": "guid",
                          "value": "3323208509702482379"
                        },
                        {
                          "name": "primarycache",
                          "value": "all"
                        },
                        {
                          "name": "secondarycache",
                          "value": "all"
                        },
                        {
                          "name": "usedbysnapshots",
                          "value": "0"
                        },
                        {
                          "name": "usedbydataset",
                          "value": "3625472"
                        },
                        {
                          "name": "usedbychildren",
                          "value": "0"
                        },
                        {
                          "name": "usedbyrefreservation",
                          "value": "0"
                        },
                        {
                          "name": "logbias",
                          "value": "latency"
                        },
                        {
                          "name": "dedup",
                          "value": "off"
                        },
                        {
                          "name": "mlslabel",
                          "value": "none"
                        },
                        {
                          "name": "sync",
                          "value": "standard"
                        },
                        {
                          "name": "dnodesize",
                          "value": "auto"
                        },
                        {
                          "name": "refcompressratio",
                          "value": "1.00x"
                        },
                        {
                          "name": "written",
                          "value": "3625472"
                        },
                        {
                          "name": "logicalused",
                          "value": "1833472"
                        },
                        {
                          "name": "logicalreferenced",
                          "value": "1833472"
                        },
                        {
                          "name": "volmode",
                          "value": "default"
                        },
                        {
                          "name": "filesystem_limit",
                          "value": "18446744073709551615"
                        },
                        {
                          "name": "snapshot_limit",
                          "value": "18446744073709551615"
                        },
                        {
                          "name": "filesystem_count",
                          "value": "18446744073709551615"
                        },
                        {
                          "name": "snapshot_count",
                          "value": "18446744073709551615"
                        },
                        {
                          "name": "snapdev",
                          "value": "hidden"
                        },
                        {
                          "name": "acltype",
                          "value": "off"
                        },
                        {
                          "name": "context",
                          "value": "none"
                        },
                        {
                          "name": "fscontext",
                          "value": "none"
                        },
                        {
                          "name": "defcontext",
                          "value": "none"
                        },
                        {
                          "name": "rootcontext",
                          "value": "none"
                        },
                        {
                          "name": "relatime",
                          "value": "off"
                        },
                        {
                          "name": "redundant_metadata",
                          "value": "all"
                        },
                        {
                          "name": "overlay",
                          "value": "off"
                        },
                        {
                          "name": "lustre:version",
                          "value": "1"
                        },
                        {
                          "name": "lustre:flags",
                          "value": "34"
                        },
                        {
                          "name": "lustre:svname",
                          "value": "zfsmo-OST0008"
                        },
                        {
                          "name": "lustre:index",
                          "value": "8"
                        },
                        {
                          "name": "lustre:fsname",
                          "value": "zfsmo"
                        },
                        {
                          "name": "lustre:failover.node",
                          "value": "10.73.20.22@tcp"
                        },
                        {
                          "name": "lustre:mgsnode",
                          "value": "10.73.20.11@tcp:10.73.20.12@tcp"
                        }
                      ],
                      "mount": null
                    }
                  }
                ],
                "mount": {
                  "source": "ost8",
                  "target": "/ost8",
                  "fs_type": "zfs",
                  "opts": "rw,xattr,noacl"
                }
              }
            }
          ],
          "mount": null
        }
      }
    ]
  }
}
