---
source: iml-services/iml-device/src/virtual_device.rs
expression: c_serde
---
{
  "ScsiDevice": {
    "children": [
      {
        "Mpath": {
          "children": [
            {
              "Zpool": {
                "children": [
                  {
                    "Dataset": {
                      "guid": 8555738255427109615,
                      "kind": "filesystem",
                      "mount": null,
                      "name": "ost3/ost3",
                      "props": [
                        {
                          "name": "name",
                          "value": "ost3/ost3"
                        },
                        {
                          "name": "type",
                          "value": "filesystem"
                        },
                        {
                          "name": "creation",
                          "value": "1587120522"
                        },
                        {
                          "name": "used",
                          "value": "3617280"
                        },
                        {
                          "name": "available",
                          "value": "5164686336"
                        },
                        {
                          "name": "referenced",
                          "value": "3617280"
                        },
                        {
                          "name": "compressratio",
                          "value": "1.00x"
                        },
                        {
                          "name": "mounted",
                          "value": "no"
                        },
                        {
                          "name": "quota",
                          "value": "0"
                        },
                        {
                          "name": "reservation",
                          "value": "0"
                        },
                        {
                          "name": "recordsize",
                          "value": "1048576"
                        },
                        {
                          "name": "mountpoint",
                          "value": "/ost3/ost3"
                        },
                        {
                          "name": "sharenfs",
                          "value": "off"
                        },
                        {
                          "name": "checksum",
                          "value": "on"
                        },
                        {
                          "name": "compression",
                          "value": "off"
                        },
                        {
                          "name": "atime",
                          "value": "on"
                        },
                        {
                          "name": "devices",
                          "value": "on"
                        },
                        {
                          "name": "exec",
                          "value": "on"
                        },
                        {
                          "name": "setuid",
                          "value": "on"
                        },
                        {
                          "name": "readonly",
                          "value": "off"
                        },
                        {
                          "name": "zoned",
                          "value": "off"
                        },
                        {
                          "name": "snapdir",
                          "value": "hidden"
                        },
                        {
                          "name": "aclinherit",
                          "value": "restricted"
                        },
                        {
                          "name": "createtxg",
                          "value": "11"
                        },
                        {
                          "name": "canmount",
                          "value": "off"
                        },
                        {
                          "name": "xattr",
                          "value": "sa"
                        },
                        {
                          "name": "copies",
                          "value": "1"
                        },
                        {
                          "name": "version",
                          "value": "5"
                        },
                        {
                          "name": "utf8only",
                          "value": "off"
                        },
                        {
                          "name": "normalization",
                          "value": "none"
                        },
                        {
                          "name": "casesensitivity",
                          "value": "sensitive"
                        },
                        {
                          "name": "vscan",
                          "value": "off"
                        },
                        {
                          "name": "nbmand",
                          "value": "off"
                        },
                        {
                          "name": "sharesmb",
                          "value": "off"
                        },
                        {
                          "name": "refquota",
                          "value": "0"
                        },
                        {
                          "name": "refreservation",
                          "value": "0"
                        },
                        {
                          "name": "guid",
                          "value": "8555738255427109615"
                        },
                        {
                          "name": "primarycache",
                          "value": "all"
                        },
                        {
                          "name": "secondarycache",
                          "value": "all"
                        },
                        {
                          "name": "usedbysnapshots",
                          "value": "0"
                        },
                        {
                          "name": "usedbydataset",
                          "value": "3617280"
                        },
                        {
                          "name": "usedbychildren",
                          "value": "0"
                        },
                        {
                          "name": "usedbyrefreservation",
                          "value": "0"
                        },
                        {
                          "name": "logbias",
                          "value": "latency"
                        },
                        {
                          "name": "dedup",
                          "value": "off"
                        },
                        {
                          "name": "mlslabel",
                          "value": "none"
                        },
                        {
                          "name": "sync",
                          "value": "standard"
                        },
                        {
                          "name": "dnodesize",
                          "value": "auto"
                        },
                        {
                          "name": "refcompressratio",
                          "value": "1.00x"
                        },
                        {
                          "name": "written",
                          "value": "3617280"
                        },
                        {
                          "name": "logicalused",
                          "value": "1826816"
                        },
                        {
                          "name": "logicalreferenced",
                          "value": "1826816"
                        },
                        {
                          "name": "volmode",
                          "value": "default"
                        },
                        {
                          "name": "filesystem_limit",
                          "value": "18446744073709551615"
                        },
                        {
                          "name": "snapshot_limit",
                          "value": "18446744073709551615"
                        },
                        {
                          "name": "filesystem_count",
                          "value": "18446744073709551615"
                        },
                        {
                          "name": "snapshot_count",
                          "value": "18446744073709551615"
                        },
                        {
                          "name": "snapdev",
                          "value": "hidden"
                        },
                        {
                          "name": "acltype",
                          "value": "off"
                        },
                        {
                          "name": "context",
                          "value": "none"
                        },
                        {
                          "name": "fscontext",
                          "value": "none"
                        },
                        {
                          "name": "defcontext",
                          "value": "none"
                        },
                        {
                          "name": "rootcontext",
                          "value": "none"
                        },
                        {
                          "name": "relatime",
                          "value": "off"
                        },
                        {
                          "name": "redundant_metadata",
                          "value": "all"
                        },
                        {
                          "name": "overlay",
                          "value": "off"
                        },
                        {
                          "name": "lustre:svname",
                          "value": "zfsmo-OST0003"
                        },
                        {
                          "name": "lustre:flags",
                          "value": "34"
                        },
                        {
                          "name": "lustre:version",
                          "value": "1"
                        },
                        {
                          "name": "lustre:failover.node",
                          "value": "10.73.20.22@tcp"
                        },
                        {
                          "name": "lustre:index",
                          "value": "3"
                        },
                        {
                          "name": "lustre:fsname",
                          "value": "zfsmo"
                        },
                        {
                          "name": "lustre:mgsnode",
                          "value": "10.73.20.11@tcp:10.73.20.12@tcp"
                        }
                      ]
                    }
                  }
                ],
                "guid": 9090725866463677654,
                "health": "ONLINE",
                "mount": {
                  "fs_type": "zfs",
                  "opts": "rw,xattr,noacl",
                  "source": "ost3",
                  "target": "/ost3"
                },
                "name": "ost3",
                "props": [],
                "size": 5335154688,
                "state": "ACTIVE",
                "vdev": {
                  "Root": {
                    "cache": [],
                    "children": [
                      {
                        "Disk": {
                          "dev_id": "dm-uuid-mpath-36001405fc1006f74e3c402383edaa375",
                          "guid": 1290540105891793557,
                          "is_log": false,
                          "path": "/dev/mapper/mpathd",
                          "phys_path": null,
                          "state": "ONLINE",
                          "whole_disk": false
                        }
                      }
                    ],
                    "spares": []
                  }
                }
              }
            }
          ],
          "devpath": "/devices/virtual/block/dm-9",
          "dm_name": "mpathd",
          "filesystem_type": "zfs_member",
          "fs_label": "ost3",
          "fs_uuid": "9090725866463677654",
          "major": "253",
          "minor": "9",
          "mount": null,
          "paths": [
            "/dev/mapper/mpathd",
            "/dev/disk/by-id/dm-name-mpathd",
            "/dev/disk/by-id/dm-uuid-mpath-36001405fc1006f74e3c402383edaa375",
            "/dev/disk/by-label/ost3",
            "/dev/disk/by-uuid/9090725866463677654",
            "/dev/dm-9"
          ],
          "scsi80": "SLIO-ORG ost12           fc1006f7-4e3c-4023-83ed-aa37560b0d82",
          "serial": "36001405fc1006f74e3c402383edaa375",
          "size": 5368709120
        }
      }
    ],
    "devpath": "/devices/platform/host3/session2/target3:0:0/3:0:0:11/block/sdt",
    "filesystem_type": "mpath_member",
    "fs_label": "ost3",
    "fs_uuid": "9090725866463677654",
    "major": "65",
    "minor": "48",
    "mount": null,
    "paths": [
      "/dev/disk/by-id/scsi-36001405fc1006f74e3c402383edaa375",
      "/dev/disk/by-id/wwn-0x6001405fc1006f74e3c402383edaa375",
      "/dev/disk/by-path/fc---lun-11",
      "/dev/disk/by-path/ip-10.73.40.10:3260-iscsi-iqn.2015-01.com.whamcloud.lu:oss-lun-11",
      "/dev/disk/by-label/ost3",
      "/dev/disk/by-uuid/9090725866463677654",
      "/dev/sdt"
    ],
    "scsi80": "SLIO-ORG ost12           fc1006f7-4e3c-4023-83ed-aa37560b0d82",
    "serial": "36001405fc1006f74e3c402383edaa375",
    "size": 5368709120
  }
}
