---
source: iml-services/iml-device/src/virtual_device.rs
expression: c_serde
---
{
  "ScsiDevice": {
    "children": [
      {
        "Mpath": {
          "children": [],
          "devpath": "/devices/virtual/block/dm-2",
          "dm_name": "mpathk",
          "filesystem_type": "zfs_member",
          "fs_label": "ost10",
          "fs_uuid": "18234780767096660949",
          "major": "253",
          "minor": "2",
          "mount": null,
          "paths": [
            "/dev/mapper/mpathk",
            "/dev/disk/by-id/dm-name-mpathk",
            "/dev/disk/by-id/dm-uuid-mpath-360014055e8ba9461ee047e0adf1f4dec",
            "/dev/disk/by-label/ost10",
            "/dev/disk/by-uuid/18234780767096660949",
            "/dev/dm-2"
          ],
          "scsi80": "SLIO-ORG ost19           5e8ba946-1ee0-47e0-adf1-f4decdab5b47",
          "serial": "360014055e8ba9461ee047e0adf1f4dec",
          "size": 5368709120
        }
      }
    ],
    "devpath": "/devices/platform/host3/session2/target3:0:0/3:0:0:18/block/sdf",
    "filesystem_type": "mpath_member",
    "fs_label": "ost10",
    "fs_uuid": "18234780767096660949",
    "major": "8",
    "minor": "80",
    "mount": null,
    "paths": [
      "/dev/disk/by-id/scsi-360014055e8ba9461ee047e0adf1f4dec",
      "/dev/disk/by-id/wwn-0x60014055e8ba9461ee047e0adf1f4dec",
      "/dev/disk/by-path/fc---lun-18",
      "/dev/disk/by-path/ip-10.73.40.10:3260-iscsi-iqn.2015-01.com.whamcloud.lu:oss-lun-18",
      "/dev/disk/by-label/ost10",
      "/dev/disk/by-uuid/18234780767096660949",
      "/dev/sdf"
    ],
    "scsi80": "SLIO-ORG ost19           5e8ba946-1ee0-47e0-adf1-f4decdab5b47",
    "serial": "360014055e8ba9461ee047e0adf1f4dec",
    "size": 5368709120
  }
}
