---
source: iml-services/iml-devices/src/db.rs
expression: result
---
[
    DeviceId(
        "b",
    ),
    DeviceId(
        "a",
    ),
]
