---
source: iml-services/iml-devices/src/breadth_first_iterator.rs
expression: result
---
[
    DeviceId(
        "c",
    ),
    DeviceId(
        "b",
    ),
    DeviceId(
        "a",
    ),
]
