---
source: iml-services/iml-devices/src/db.rs
expression: updates
---
{
    (
        DeviceId(
            "c",
        ),
        Fqdn(
            "oss1",
        ),
    ): Update(
        DeviceHost {
            device_id: DeviceId(
                "c",
            ),
            fqdn: Fqdn(
                "oss1",
            ),
            local: true,
            paths: Paths(
                {
                    "/fake/path/zpool/a",
                },
            ),
            mount_path: MountPath(
                None,
            ),
            fs_type: Some(
                "some_fs",
            ),
            fs_label: Some(
                "some_label",
            ),
            fs_uuid: Some(
                "some_uuid",
            ),
        },
    ),
    (
        DeviceId(
            "c",
        ),
        Fqdn(
            "oss2",
        ),
    ): Remove(
        DeviceHost {
            device_id: DeviceId(
                "c",
            ),
            fqdn: Fqdn(
                "oss2",
            ),
            local: true,
            paths: Paths(
                {},
            ),
            mount_path: MountPath(
                None,
            ),
            fs_type: None,
            fs_label: None,
            fs_uuid: None,
        },
    ),
}
