---
source: iml-services/iml-devices/src/virtual_device.rs
expression: results
---
{}
