---
source: iml-services/iml-devices/src/db.rs
expression: updates
---
[
    Add(
        DeviceHost {
            device_id: DeviceId(
                "b",
            ),
            fqdn: Fqdn(
                "oss2",
            ),
            local: true,
            paths: Paths(
                {
                    "/fake/path/mpath/a",
                },
            ),
            mount_path: MountPath(
                None,
            ),
            fs_type: Some(
                "some_fs",
            ),
            fs_label: Some(
                "some_label",
            ),
            fs_uuid: Some(
                "some_uuid",
            ),
        },
    ),
    Add(
        DeviceHost {
            device_id: DeviceId(
                "c",
            ),
            fqdn: Fqdn(
                "oss2",
            ),
            local: true,
            paths: Paths(
                {
                    "/fake/path/zpool/a",
                },
            ),
            mount_path: MountPath(
                None,
            ),
            fs_type: Some(
                "some_fs",
            ),
            fs_label: Some(
                "some_label",
            ),
            fs_uuid: Some(
                "some_uuid",
            ),
        },
    ),
    Update(
        DeviceHost {
            device_id: DeviceId(
                "c",
            ),
            fqdn: Fqdn(
                "oss2",
            ),
            local: true,
            paths: Paths(
                {
                    "/fake/path/zpool/a",
                },
            ),
            mount_path: MountPath(
                None,
            ),
            fs_type: Some(
                "some_fs",
            ),
            fs_label: Some(
                "some_label",
            ),
            fs_uuid: Some(
                "some_uuid",
            ),
        },
    ),
]
