---
source: iml-services/iml-devices/src/change.rs
expression: changes
---
[
    Remove(
        3,
    ),
    Add(
        4,
    ),
]
